// Vitest Snapshot v1, https://vitest.dev/guide/snapshot.html

exports[`Spinner > renders correctly 1`] = `
<div>
  <div
    class="sc-eCYdKt dnInPD"
  />
</div>
`;
