// Vitest Snapshot v1, https://vitest.dev/guide/snapshot.html

exports[`Card Component > renders with children correctly 1`] = `
<div>
  <div
    class="sc-bczSft hIodvL"
  >
    <p>
      Hello, Card!
    </p>
  </div>
</div>
`;
